16 107
10 98 2 1
12 9 0 0
3 32 0 1
7 4 3 0
0 76 1 0
11 12 2 0
11 18 3 0
8 105 1 1
15 17 0 1
7 102 3 0
7 89 2 1
7 80 0 1
5 70 2 0
0 60 0 0
9 53 1 1
15 15 0 1
11 33 2 1
0 38 2 1
11 22 0 1
11 98 1 1
9 76 0 1
5 31 0 0
0 2 0 0
8 69 3 0
3 29 0 0
8 54 0 0
11 99 3 0
8 3 3 0
6 62 0 1
13 93 3 1
0 18 0 0
3 42 1 1
3 9 3 1
6 14 0 1
0 57 1 1
0 0 0 0
5 81 3 1
3 34 1 1
4 95 1 0
7 38 3 0
15 68 0 1
12 47 3 0
8 6 0 0
0 4 0 0
11 30 3 0
15 95 0 1
15 39 3 0
0 43 0 0
15 14 2 0
14 81 2 0
9 96 3 0
5 28 0 0
5 89 0 0
0 30 0 0
14 40 0 1
0 54 0 0
14 53 3 1
4 85 0 0
9 1 3 0
0 24 0 0
14 105 2 0
7 16 0 1
0 22 1 0
1 81 0 0
15 94 2 0
3 100 0 1
10 45 1 1
12 3 1 0
4 38 3 0
12 23 1 0
0 72 1 0
9 78 1 0
15 75 3 0
11 61 2 1
11 72 1 1
9 65 2 0
5 22 1 1
5 91 3 0
10 58 2 0
2 18 1 1
4 36 1 1
5 22 3 0
15 66 0 1
15 25 3 0
15 81 0 1
0 101 2 1
5 49 1 1
10 28 3 1
0 68 1 1
4 52 0 0
14 62 0 1
15 9 2 0
7 60 3 0
4 78 1 0
4 62 2 0
0 93 0 0
8 12 0 0
11 51 2 1
3 68 2 0
10 27 3 1
15 35 0 1
15 46 2 0
15 0 3 0
5 96 0 0
0 10 1 1
9 60 0 0
7 66 0 0
4 27 0 1
15 80 2 0
8 44 2 1
15 33 3 0
8 0 1 1
8 78 1 1
7 70 0 0
3 14 3 1
15 3 0 1
15 24 3 0
7 73 0 1
8 68 1 1
7 0 3 0
7 48 0 0
11 20 0 1
7 10 3 0
8 45 3 1
13 17 3 0
15 48 0 1
0 47 1 1
11 35 3 1
15 31 0 1
4 87 0 1
5 64 0 0
0 40 0 0
14 86 0 1
6 53 2 0
15 63 2 0
4 1 3 0
2 50 3 0
10 16 1 0
15 27 3 0
7 83 1 0
15 64 3 0
11 14 3 0
14 7 0 1
4 80 2 0
12 95 3 1
12 86 0 1
5 83 1 1
10 58 0 1
15 58 2 0
0 85 0 0
4 14 1 0
9 4 1 1
3 97 0 0
2 54 1 1
15 38 3 1
2 43 1 1
15 89 2 0
0 82 0 0
1 94 1 0
4 8 0 0
9 39 0 1
5 8 1 0
3 51 2 0
10 100 0 0
12 44 3 0
5 72 0 1
0 17 1 0
4 26 3 0
